// Jest Snapshot v1, https://goo.gl/fbAQLP

exports[`App component should render correctly 1`] = `
<div>
  <main>
    <h1>
      Welcome to the Typescript - React 
      <a
        href="https://github.com/foundweekends/giter8"
      >
        giter8
      </a>
       
      starter! This is your main entrypoint.
    </h1>
    <h2>
      It comes with:
    </h2>
    <ul>
      <li>
        <span>
          Typescript
        </span>
      </li>
      <li>
        <span>
          React
        </span>
      </li>
      <li>
        <span>
          Eslint configured with
           
          <a
            href="https://github.com/airbnb/javascript/tree/master/packages/eslint-config-airbnb"
          >
            airbnb defaults
          </a>
          ,
           
          <a
            href="https://github.com/facebook/react/tree/master/packages/eslint-plugin-react-hooks"
          >
            react hooks
          </a>
           
          & 
          <a
            href="https://prettier.io/docs/en/integrating-with-linters.html"
          >
            prettier
          </a>
        </span>
      </li>
      <li>
        <span>
          Webpack with dev server (yarn dev). If you prefer npm, delete yarn.lock first before installing dependencies with npm.
        </span>
      </li>
      <li>
        <span>
          <a
            href="https://jestjs.io/"
          >
            Jest
          </a>
           &
           
          <a
            href="https://github.com/testing-library/react-testing-library"
          >
            React-testing-library
          </a>
           
          (with 
          <a
            href="https://github.com/testing-library/jest-dom"
          >
            testing-library-jest-dom
          </a>
          ) for testing
        </span>
      </li>
      <li>
        <span>
          CSS Modules as can be seen by this very styled 
          <span>
            piece of text
          </span>
        </span>
      </li>
    </ul>
  </main>
</div>
`;
